// Jest Snapshot v1, https://goo.gl/fbAQLP

exports[`<TitleBar/> should render without crash 1`] = `
<Navbar
  className="title_bar"
  color="dark"
  dark={true}
  expand="md"
  tag="nav"
>
  <NavbarBrand
    className="mr-auto"
    href="/"
    tag="a"
  >
    Portfolio
  </NavbarBrand>
  <NavbarToggler
    onClick={[Function]}
    tag="button"
    type="button"
  />
  <Collapse
    appear={false}
    enter={true}
    exit={true}
    in={false}
    isOpen={false}
    mountOnEnter={false}
    navbar={true}
    onEnter={[Function]}
    onEntered={[Function]}
    onEntering={[Function]}
    onExit={[Function]}
    onExited={[Function]}
    onExiting={[Function]}
    tag="div"
    timeout={350}
    unmountOnExit={false}
  >
    <Nav
      className="ml-auto"
      navbar={true}
      tag="ul"
      vertical={false}
    >
      <NavItem
        tag="li"
      >
        <NavLink
          href="/"
          tag="a"
        >
          Accueil
        </NavLink>
      </NavItem>
      <NavItem
        tag="li"
      >
        <NavLink
          href="/projets"
          tag="a"
        >
          Projets
        </NavLink>
      </NavItem>
      <NavItem
        tag="li"
      >
        <NavLink
          href="/cv"
          tag="a"
        >
          CV
        </NavLink>
      </NavItem>
      <NavItem
        tag="li"
      >
        <NavLink
          href="/contact"
          tag="a"
        >
          Contact
        </NavLink>
      </NavItem>
    </Nav>
  </Collapse>
</Navbar>
`;
